[INFO] Scanning for projects...
[INFO] 
[INFO] -----------------------< cl.td.jdbc:biblo_untec >-----------------------
[INFO] Building biblo_untec Maven Webapp 1.0-SNAPSHOT
[INFO]   from pom.xml
[INFO] --------------------------------[ war ]---------------------------------
[INFO] 
[INFO] --- clean:3.1.0:clean (default-clean) @ biblo_untec ---
[INFO] Deleting C:\Users\Gamer\biblo_untec\target
[INFO] 
[INFO] --- resources:3.0.2:resources (default-resources) @ biblo_untec ---
[INFO] Using 'UTF-8' encoding to copy filtered resources.
[INFO] Copying 1 resource
[INFO] 
[INFO] --- compiler:3.8.0:compile (default-compile) @ biblo_untec ---
[INFO] Changes detected - recompiling the module!
[INFO] Compiling 12 source files to C:\Users\Gamer\biblo_untec\target\classes
[INFO] -------------------------------------------------------------
[ERROR] COMPILATION ERROR : 
[INFO] -------------------------------------------------------------
[ERROR] /C:/Users/Gamer/biblo_untec/src/main/java/cl/dig/biblo/dao/UsuarioDAO.java:[24,28] cannot find symbol
  symbol:   method setIdusuario(int)
  location: variable usuario of type cl.dig.biblo.modelo.Usuario
[ERROR] /C:/Users/Gamer/biblo_untec/src/main/java/cl/dig/biblo/controlador/MisPrestamosServlet.java:[31,43] cannot find symbol
  symbol:   method listarPorUsuario(int)
  location: variable prestamoDAO of type cl.dig.biblo.dao.PrestamoDAO
[INFO] 2 errors 
[INFO] -------------------------------------------------------------
[INFO] ------------------------------------------------------------------------
[INFO] BUILD FAILURE
[INFO] ------------------------------------------------------------------------
[INFO] Total time:  1.385 s
[INFO] Finished at: 2026-03-08T20:39:51-03:00
[INFO] ------------------------------------------------------------------------
[ERROR] Failed to execute goal org.apache.maven.plugins:maven-compiler-plugin:3.8.0:compile (default-compile) on project biblo_untec: Compilation failure: Compilation failure: 
[ERROR] /C:/Users/Gamer/biblo_untec/src/main/java/cl/dig/biblo/dao/UsuarioDAO.java:[24,28] cannot find symbol
[ERROR]   symbol:   method setIdusuario(int)
[ERROR]   location: variable usuario of type cl.dig.biblo.modelo.Usuario
[ERROR] /C:/Users/Gamer/biblo_untec/src/main/java/cl/dig/biblo/controlador/MisPrestamosServlet.java:[31,43] cannot find symbol
[ERROR]   symbol:   method listarPorUsuario(int)
[ERROR]   location: variable prestamoDAO of type cl.dig.biblo.dao.PrestamoDAO
[ERROR] -> [Help 1]
[ERROR] 
[ERROR] To see the full stack trace of the errors, re-run Maven with the -e switch.
[ERROR] Re-run Maven using the -X switch to enable full debug logging.
[ERROR] 
[ERROR] For more information about the errors and possible solutions, please read the following articles:
[ERROR] [Help 1] http://cwiki.apache.org/confluence/display/MAVEN/MojoFailureException
